05:37:06 **** Incremental Build of configuration Debug for project 001_blik_LED ****
make -j4 all 
arm-none-eabi-gcc "../Core/Src/main.c" -mcpu=cortex-m4 -std=gnu11 -g3 -DUSE_HAL_DRIVER -DDEBUG -DSTM32F407xx -c -I../Core/Inc -I../Drivers/STM32F4xx_HAL_Driver/Inc -I../Drivers/STM32F4xx_HAL_Driver/Inc/Legacy -I../Drivers/CMSIS/Device/ST/STM32F4xx/Include -I../Drivers/CMSIS/Include -O0 -ffunction-sections -fdata-sections -Wall -fstack-usage -MMD -MP -MF"Core/Src/main.d" -MT"Core/Src/main.o" --specs=nano.specs -mfpu=fpv4-sp-d16 -mfloat-abi=hard -mthumb -o "Core/Src/main.o"
arm-none-eabi-gcc -o "001_blik_LED.elf" @"objects.list"   -mcpu=cortex-m4 -T"C:\Users\msw\Documents\udemy\ble\wspc\001_blik_LED\STM32F407VGTX_FLASH.ld" --specs=nosys.specs -Wl,-Map="001_blik_LED.map" -Wl,--gc-sections -static --specs=nano.specs -mfpu=fpv4-sp-d16 -mfloat-abi=hard -mthumb -Wl,--start-group -lc -lm -Wl,--end-group
Finished building target: 001_blik_LED.elf
 
arm-none-eabi-objdump -h -S  001_blik_LED.elf  > "001_blik_LED.list"
arm-none-eabi-objcopy  -O binary  001_blik_LED.elf  "001_blik_LED.bin"
arm-none-eabi-size   001_blik_LED.elf 
   text	   data	    bss	    dec	    hex	filename
   5940	     20	   1572	   7532	   1d6c	001_blik_LED.elf
Finished building: default.size.stdout
 
Finished building: 001_blik_LED.bin
 
Finished building: 001_blik_LED.list
 

05:37:07 Build Finished. 0 errors, 0 warnings. (took 1s.211ms)

